PS C:\TestowanieMobilne> cd Artefakt06
PS C:\TestowanieMobilne\Artefakt06> notepad BasePage.py
PS C:\TestowanieMobilne\Artefakt06> C:\Users\student-wroclaw\AppData\Local\Python\pythoncore-3.14-64\python BasePage.py
[BASE_PAGE] Pomyslnie zainicjalizowano mape: 459 elementow.
Weryfikacja klucza 'ADD': add
PS C:\TestowanieMobilne\Artefakt06> git add .
PS C:\TestowanieMobilne\Artefakt06> git commit -m "Zadanie 6.1 - Dodano klase bazowa BasePage"
[main 2d8f776] Zadanie 6.1 - Dodano klase bazowa BasePage
 Committer: admstud <admstud@MX1-Docker-12.EDU-WSB.local>
Your name and email address were configured automatically based
on your username and hostname. Please check that they are accurate.
You can suppress this message by setting them explicitly. Run the
following command and follow the instructions in your editor to edit
your configuration file:

    git config --global --edit

After doing this, you may fix the identity used for this commit with:

    git commit --amend --reset-author

 1 file changed, 28 insertions(+)
 create mode 100644 Artefakt06/BasePage.py
PS C:\TestowanieMobilne\Artefakt06> git push
Enumerating objects: 6, done.
Counting objects: 100% (6/6), done.
Delta compression using up to 8 threads
Compressing objects: 100% (4/4), done.
Writing objects: 100% (4/4), 907 bytes | 907.00 KiB/s, done.
Total 4 (delta 1), reused 0 (delta 0), pack-reused 0 (from 0)
remote: Resolving deltas: 100% (1/1), completed with 1 local object.
To https://github.com/KacPerPrzepiorka/TM-97104.git
   b320836..2d8f776  main -> main
PS C:\TestowanieMobilne\Artefakt06> notepad MainPage.py
PS C:\TestowanieMobilne\Artefakt06> C:\Users\student-wroclaw\AppData\Local\Python\pythoncore-3.14-64\python MainPage.py
[MAIN_PAGE] Ekran glowny zainicjalizowany.
SUKCES: Wykonano klikniecie w element UI o ID: 'add'
SUKCES: Odnaleziono naglowek strony (ID: title). Status: Widoczny.
PS C:\TestowanieMobilne\Artefakt06> git add .
PS C:\TestowanieMobilne\Artefakt06> git commit -m "Zadanie 6.2 - Dodano Page Object dla ekranu glownego"
[main c7d1b8e] Zadanie 6.2 - Dodano Page Object dla ekranu glownego
 Committer: admstud <admstud@MX1-Docker-12.EDU-WSB.local>
Your name and email address were configured automatically based
on your username and hostname. Please check that they are accurate.
You can suppress this message by setting them explicitly. Run the
following command and follow the instructions in your editor to edit
your configuration file:

    git config --global --edit

After doing this, you may fix the identity used for this commit with:

    git commit --amend --reset-author

 2 files changed, 32 insertions(+)
 create mode 100644 Artefakt06/MainPage.py
 create mode 100644 Artefakt06/__pycache__/BasePage.cpython-314.pyc
PS C:\TestowanieMobilne\Artefakt06> git push
Enumerating objects: 8, done.
Counting objects: 100% (8/8), done.
Delta compression using up to 8 threads
Compressing objects: 100% (6/6), done.
Writing objects: 100% (6/6), 2.31 KiB | 1.15 MiB/s, done.
Total 6 (delta 1), reused 0 (delta 0), pack-reused 0 (from 0)
remote: Resolving deltas: 100% (1/1), completed with 1 local object.
To https://github.com/KacPerPrzepiorka/TM-97104.git
   2d8f776..c7d1b8e  main -> main
PS C:\TestowanieMobilne\Artefakt06> notepad 63_pom_test.py
PS C:\TestowanieMobilne\Artefakt06> C:\Users\student-wroclaw\AppData\Local\Python\pythoncore-3.14-64\python 63_pom_test.py
>>> ZADANIE 6.3: TEST SCENARIUSZA W ARCHITEKTURZE POM <<<
[MAIN_PAGE] Ekran glowny zainicjalizowany.
PRZEBIEG SCENARIUSZA TESTOWEGO
KROK 1: SUKCES: Odnaleziono naglowek strony (ID: title). Status: Widoczny.
KROK 2: SUKCES: Wykonano klikniecie w element UI o ID: 'add'
KROK 3: SUKCES: Wpisano 'Automatyzacja Mobilna' do pola search_button i zatwierdzono.
[OK] Scenariusz wykonany. Log audytu zapisany w 64_pom_audit.log
PS C:\TestowanieMobilne\Artefakt06> notepad 64_audit_report.md
PS C:\TestowanieMobilne\Artefakt06> git add .
PS C:\TestowanieMobilne\Artefakt06> git commit -m "Zadanie 6.4 - Dodano raport z audytu architektury POM"
[main f66cee6] Zadanie 6.4 - Dodano raport z audytu architektury POM
 Committer: admstud <admstud@MX1-Docker-12.EDU-WSB.local>
Your name and email address were configured automatically based
on your username and hostname. Please check that they are accurate.
You can suppress this message by setting them explicitly. Run the
following command and follow the instructions in your editor to edit
your configuration file:

    git config --global --edit

After doing this, you may fix the identity used for this commit with:

    git commit --amend --reset-author

 3 files changed, 62 insertions(+)
 create mode 100644 Artefakt06/63_pom_test.py
 create mode 100644 Artefakt06/64_audit_report.md
 create mode 100644 Artefakt06/__pycache__/MainPage.cpython-314.pyc
PS C:\TestowanieMobilne\Artefakt06> git push
Enumerating objects: 10, done.
Counting objects: 100% (10/10), done.
Delta compression using up to 8 threads
Compressing objects: 100% (7/7), done.
Writing objects: 100% (7/7), 3.45 KiB | 1.15 MiB/s, done.
Total 7 (delta 1), reused 0 (delta 0), pack-reused 0 (from 0)
remote: Resolving deltas: 100% (1/1), completed with 1 local object.
To https://github.com/KacPerPrzepiorka/TM-97104.git
   c7d1b8e..f66cee6  main -> main
PS C:\TestowanieMobilne\Artefakt06> notepad 65_framework_check.py
PS C:\TestowanieMobilne\Artefakt06> C:\Users\student-wroclaw\AppData\Local\Python\pythoncore-3.14-64\python 65_framework_check.py
>>> ZADANIE 6.5: INTEGRITY AUDIT FINAL CHECK <<<
[MAIN_PAGE] Ekran glowny zainicjalizowany.

--- WYNIKI AUDYTU ARCHITEKTURY ---
[PASSED] POM_Initialization: Klasy BasePage i MainPage dzialaja poprawnie.
[PASSED] Documentation_Check: Raport inzynierski MD zostal odnaleziony.
[PASSED] Data_Layer_Connection: Wczytano 459 selektorow z Bloku 5.

[ZAKONCZONO] Blok 6 zweryfikowany. Raport: 65_final_report.xml
PS C:\TestowanieMobilne\Artefakt06> git add .
PS C:\TestowanieMobilne\Artefakt06> git commit -m "Zadanie 6.5 - Sanity Check i raport XML"
[main a883a88] Zadanie 6.5 - Sanity Check i raport XML
 Committer: admstud <admstud@MX1-Docker-12.EDU-WSB.local>
Your name and email address were configured automatically based
on your username and hostname. Please check that they are accurate.
You can suppress this message by setting them explicitly. Run the
following command and follow the instructions in your editor to edit
your configuration file:

    git config --global --edit

After doing this, you may fix the identity used for this commit with:

    git commit --amend --reset-author

 2 files changed, 61 insertions(+)
 create mode 100644 Artefakt06/65_final_report.xml
 create mode 100644 Artefakt06/65_framework_check.py
PS C:\TestowanieMobilne\Artefakt06> git push
Enumerating objects: 7, done.
Counting objects: 100% (7/7), done.
Delta compression using up to 8 threads
Compressing objects: 100% (5/5), done.
Writing objects: 100% (5/5), 1.54 KiB | 786.00 KiB/s, done.
Total 5 (delta 2), reused 0 (delta 0), pack-reused 0 (from 0)
remote: Resolving deltas: 100% (2/2), completed with 2 local objects.
To https://github.com/KacPerPrzepiorka/TM-97104.git
   f66cee6..a883a88  main -> main
PS C:\TestowanieMobilne\Artefakt06>