PS C:\TestowanieMobilne\Artefakt04> C:\Users\student-wroclaw\AppData\Local\Python\pythoncore-3.14-64\python selector_miner.py
[OK] Extracted 664 IDs
PS C:\TestowanieMobilne\Artefakt04> git add .
PS C:\TestowanieMobilne\Artefakt04> git commit -m "Zadanie 4.2 - Dodano skrypt audytu i stability_report.json"
[main d3190fa] Zadanie 4.2 - Dodano skrypt audytu i stability_report.json
 Committer: admstud <admstud@MX1-Docker-07.EDU-WSB.local>
Your name and email address were configured automatically based
on your username and hostname. Please check that they are accurate.
You can suppress this message by setting them explicitly. Run the
following command and follow the instructions in your editor to edit
your configuration file:

    git config --global --edit

After doing this, you may fix the identity used for this commit with:

    git commit --amend --reset-author

 2 files changed, 3353 insertions(+)
 create mode 100644 Artefakt04/miner_report.json
 create mode 100644 Artefakt04/selector_miner.py
PS C:\TestowanieMobilne\Artefakt04> git push
Enumerating objects: 7, done.
Counting objects: 100% (7/7), done.
Delta compression using up to 8 threads
Compressing objects: 100% (5/5), done.
Writing objects: 100% (5/5), 7.14 KiB | 2.38 MiB/s, done.
Total 5 (delta 1), reused 0 (delta 0), pack-reused 0 (from 0)
remote: Resolving deltas: 100% (1/1), completed with 1 local object.
To https://github.com/KacPerPrzepiorka/TM-97104.git
   7a0c8c1..d3190fa  main -> main
PS C:\TestowanieMobilne\Artefakt04> notepad stability_auditor.py
PS C:\TestowanieMobilne\Artefakt04> C:\Users\student-wroclaw\AppData\Local\Python\pythoncore-3.14-64\python stability_auditor.py
Audit Complete. Verdict: LOW_RISK
PS C:\TestowanieMobilne\Artefakt04> git add .
PS C:\TestowanieMobilne\Artefakt04> git commit -m "Zadanie 4.2 - Dodano skrypt audytu i stability_report.json"
[main f12424e] Zadanie 4.2 - Dodano skrypt audytu i stability_report.json
 Committer: admstud <admstud@MX1-Docker-07.EDU-WSB.local>
Your name and email address were configured automatically based
on your username and hostname. Please check that they are accurate.
You can suppress this message by setting them explicitly. Run the
following command and follow the instructions in your editor to edit
your configuration file:

    git config --global --edit

After doing this, you may fix the identity used for this commit with:

    git commit --amend --reset-author

 2 files changed, 115 insertions(+)
 create mode 100644 Artefakt04/stability_auditor.py
 create mode 100644 Artefakt04/stability_report.json
PS C:\TestowanieMobilne\Artefakt04> git push
Enumerating objects: 7, done.
Counting objects: 100% (7/7), done.
Delta compression using up to 8 threads
Compressing objects: 100% (5/5), done.
Writing objects: 100% (5/5), 2.04 KiB | 1.02 MiB/s, done.
Total 5 (delta 1), reused 0 (delta 0), pack-reused 0 (from 0)
remote: Resolving deltas: 100% (1/1), completed with 1 local object.
To https://github.com/KacPerPrzepiorka/TM-97104.git
   d3190fa..f12424e  main -> main
PS C:\TestowanieMobilne\Artefakt04> notepad selector_game.py
PS C:\TestowanieMobilne\Artefakt04> C:\Users\student-wroclaw\AppData\Local\Python\pythoncore-3.14-64\python selector_game.py
=== INTERAKTYWNY KREATOR SELEKTORÓW ===
1. Podaj wartość 'id' z raportu (np. lunch): action_mode_close_button
2. Podaj wartość 'tag' z raportu (np. RadioButton): ImageView

Wynik wyszukiwania: Znaleziono 1 dopasowań.
>>>>> STATUS: ZALICZONE! Twój selektor jest unikalny. <<<<<
PS C:\TestowanieMobilne\Artefakt04> C:\Users\student-wroclaw\AppData\Local\Python\pythoncore-3.14-64\python selector_game.py
=== INTERAKTYWNY KREATOR SELEKTORÓW ===
1. Podaj wartość 'id' z raportu (np. lunch): action_mode_close_button
2. Podaj wartość 'tag' z raportu (np. RadioButton): ImageView

Wynik wyszukiwania: Znaleziono 1 dopasowań.
>>>>> STATUS: ZALICZONE! Twój selektor jest unikalny. <<<<<
PS C:\TestowanieMobilne\Artefakt04> git add .
PS C:\TestowanieMobilne\Artefakt04> git commit -m "Zadanie 4.3 - Selector game i weryfikacja xpath"
[main 3342de1] Zadanie 4.3 - Selector game i weryfikacja xpath
 Committer: admstud <admstud@MX1-Docker-07.EDU-WSB.local>
Your name and email address were configured automatically based
on your username and hostname. Please check that they are accurate.
You can suppress this message by setting them explicitly. Run the
following command and follow the instructions in your editor to edit
your configuration file:

    git config --global --edit

After doing this, you may fix the identity used for this commit with:

    git commit --amend --reset-author

 2 files changed, 41 insertions(+)
 create mode 100644 Artefakt04/selector_game.py
 create mode 100644 Artefakt04/xpath_verification.txt
PS C:\TestowanieMobilne\Artefakt04> git push
Enumerating objects: 7, done.
Counting objects: 100% (7/7), done.
Delta compression using up to 8 threads
Compressing objects: 100% (5/5), done.
Writing objects: 100% (5/5), 1.20 KiB | 616.00 KiB/s, done.
Total 5 (delta 2), reused 0 (delta 0), pack-reused 0 (from 0)
remote: Resolving deltas: 100% (2/2), completed with 2 local objects.
To https://github.com/KacPerPrzepiorka/TM-97104.git
   f12424e..3342de1  main -> main
PS C:\TestowanieMobilne\Artefakt04> notepad a11y_check.py
PS C:\TestowanieMobilne\Artefakt04> C:\Users\student-wroclaw\AppData\Local\Python\pythoncore-3.14-64\python a11y_check.py
PS C:\TestowanieMobilne\Artefakt04> C:\Users\student-wroclaw\AppData\Local\Python\pythoncore-3.14-64\python a11y_check.py
Analiza A11y zakonczona. Znaleziono 1 luk. Raport zapisano w a11y_report.json
PS C:\TestowanieMobilne\Artefakt04> git add .
PS C:\TestowanieMobilne\Artefakt04> git commit -m "Zadanie 4.4 - Dodano skrypt analizy a11y i raport"
[main 8c5b1df] Zadanie 4.4 - Dodano skrypt analizy a11y i raport
 Committer: admstud <admstud@MX1-Docker-07.EDU-WSB.local>
Your name and email address were configured automatically based
on your username and hostname. Please check that they are accurate.
You can suppress this message by setting them explicitly. Run the
following command and follow the instructions in your editor to edit
your configuration file:

    git config --global --edit

After doing this, you may fix the identity used for this commit with:

    git commit --amend --reset-author

 2 files changed, 45 insertions(+)
 create mode 100644 Artefakt04/a11y_check.py
 create mode 100644 Artefakt04/a11y_report.json
PS C:\TestowanieMobilne\Artefakt04> git push
Enumerating objects: 7, done.
Counting objects: 100% (7/7), done.
Delta compression using up to 8 threads
Compressing objects: 100% (5/5), done.
Writing objects: 100% (5/5), 1.15 KiB | 586.00 KiB/s, done.
Total 5 (delta 2), reused 0 (delta 0), pack-reused 0 (from 0)
remote: Resolving deltas: 100% (2/2), completed with 2 local objects.
To https://github.com/KacPerPrzepiorka/TM-97104.git
   3342de1..8c5b1df  main -> main
PS C:\TestowanieMobilne\Artefakt04> notepad mock_driver_test.py
PS C:\TestowanieMobilne\Artefakt04> C:\Users\student-wroclaw\AppData\Local\Python\pythoncore-3.14-64\python mock_driver_test.py
=== URUCHAMIANIE TESTU INTEGRACYJNEGO (PYTHON MOCK DRIVER) ===
←[92m [PASS] Selektor zweryfikowany pozytywnie.←[0m
 [INFO] Mock Driver: Nawiązywanie połączenia z sesją...
 [INFO] Mock Driver: Element znaleziony w czasie 12ms.
 [INFO] Mock Driver: Akcja 'click' wykonana pomyślnie.

========================================
>>> WYNIK KONCOWY BLOKU 4: PASS <<<
========================================
PS C:\TestowanieMobilne\Artefakt04> git add .
PS C:\TestowanieMobilne\Artefakt04> git commit -m "Zadanie 4.5 - Test integracji, mock driver i finalne logi"
[main be96872] Zadanie 4.5 - Test integracji, mock driver i finalne logi
 Committer: admstud <admstud@MX1-Docker-07.EDU-WSB.local>
Your name and email address were configured automatically based
on your username and hostname. Please check that they are accurate.
You can suppress this message by setting them explicitly. Run the
following command and follow the instructions in your editor to edit
your configuration file:

    git config --global --edit

After doing this, you may fix the identity used for this commit with:

    git commit --amend --reset-author

 1 file changed, 42 insertions(+)
 create mode 100644 Artefakt04/mock_driver_test.py
PS C:\TestowanieMobilne\Artefakt04> git push
Enumerating objects: 6, done.
Counting objects: 100% (6/6), done.
Delta compression using up to 8 threads
Compressing objects: 100% (4/4), done.
Writing objects: 100% (4/4), 1.23 KiB | 1.23 MiB/s, done.
Total 4 (delta 2), reused 0 (delta 0), pack-reused 0 (from 0)
remote: Resolving deltas: 100% (2/2), completed with 2 local objects.
To https://github.com/KacPerPrzepiorka/TM-97104.git
   8c5b1df..be96872  main -> main
PS C:\TestowanieMobilne\Artefakt04>